$ rig logbook
exit 1
--- stdout (0 bytes)
--- stderr (647 bytes)
rig: usage: rig logbook <cmd> [--dir D] ...
  grep [-i] [-F] [-l] <pattern> [<doc>...]  search the parts, and what waits below the marker
  show <doc> <NNNN|key>   one entry, by its number or the start of its title (B107)
  line <doc> <N>          where line N of the whole document lives now
  cat <doc>               the whole document, as it read before the split
  add <doc> [--title T]   a new entry from stdin; the index is rebuilt
  index [<doc>...]        move what sits below the marker into parts, then rebuild
  check [<doc>...]        exit 1 when an index is stale
  split <doc>             once: a document becomes parts and an index
