$ rig store
exit 1
--- stdout (0 bytes)
--- stderr (302 bytes)
rig: usage: rig store collections | get <collection> <id>... | put <collection> <id> <json|-> [--if-version N] | delete <collection> <id> --if-version N | query <collection> [--where 'field op value']... [--fields a,b] [--order f|-f]... [--limit N] [--offset N] [--count]; every form takes --program P
